e4b900d424315d314174efcaf32096cce8ed34f8	refs/heads/vbs
?? nohup.out
?? print_cutflow.py
?? python/axis_info.py
?? python/inspect_cutflow.py
?? python/make_histos_old.py
?? python/pp_cutflows.py
?? python/read_it_back.py
?? python/view_histograms.py
e4b900d424315d314174efcaf32096cce8ed34f8	refs/heads/vbs
?? nohup.out
?? print_cutflow.py
?? python/axis_info.py
?? python/inspect_cutflow.py
?? python/make_histos_old.py
?? python/pp_cutflows.py
?? python/read_it_back.py
?? python/view_histograms.py
e4b900d424315d314174efcaf32096cce8ed34f8	refs/heads/vbs
?? nohup.out
?? print_cutflow.py
?? python/axis_info.py
?? python/inspect_cutflow.py
?? python/make_histos_old.py
?? python/pp_cutflows.py
?? python/read_it_back.py
?? python/view_histograms.py
Submitting for year 2024
Namespace(year='2024', samples=['QCD'], subsamples=[], tag='cutflow-090926', nano_version='v15', script='src/run.py', outdir='outfiles', site='lpc', save_sites=['lpc'], files_per_job=5, submit=False, git_branch='vbs', allow_diff_local_repo=True, run_mode='save-skim-nosysts', BDT=False, yaml='src/submit_configs/vbs_background.yaml')
Using branch vbs
There are local changes that have not been committed!
Proceeding anyway...
Condor work dir:  condor/cutflow-090926_v15
[]
fileset: {'QCD': {'QCD_HT-100to200': 169, 'QCD_HT-200to400': 163, 'QCD_HT-400to600': 173, 'QCD_HT-600to800': 229, 'QCD_HT-800to1000': 262, 'QCD_HT-1000to1200': 224, 'QCD_HT-1200to1500': 230, 'QCD_HT-1500to2000': 248, 'QCD_HT-2000': 221}}
To submit  condor/cutflow-090926_v15/2024_QCD_HT-100to200_0.jdl
To submit  condor/cutflow-090926_v15/2024_QCD_HT-100to200_1.jdl
To submit  condor/cutflow-090926_v15/2024_QCD_HT-100to200_2.jdl
To submit  condor/cutflow-090926_v15/2024_QCD_HT-100to200_3.jdl
To submit  condor/cutflow-090926_v15/2024_QCD_HT-100to200_4.jdl
To submit  condor/cutflow-090926_v15/2024_QCD_HT-100to200_5.jdl
To submit  condor/cutflow-090926_v15/2024_QCD_HT-100to200_6.jdl
To submit  condor/cutflow-090926_v15/2024_QCD_HT-100to200_7.jdl
To submit  condor/cutflow-090926_v15/2024_QCD_HT-100to200_8.jdl
To submit  condor/cutflow-090926_v15/2024_QCD_HT-100to200_9.jdl
To submit  condor/cutflow-090926_v15/2024_QCD_HT-100to200_10.jdl
To submit  condor/cutflow-090926_v15/2024_QCD_HT-100to200_11.jdl
To submit  condor/cutflow-090926_v15/2024_QCD_HT-100to200_12.jdl
To submit  condor/cutflow-090926_v15/2024_QCD_HT-100to200_13.jdl
To submit  condor/cutflow-090926_v15/2024_QCD_HT-100to200_14.jdl
To submit  condor/cutflow-090926_v15/2024_QCD_HT-100to200_15.jdl
To submit  condor/cutflow-090926_v15/2024_QCD_HT-100to200_16.jdl
To submit  condor/cutflow-090926_v15/2024_QCD_HT-100to200_17.jdl
To submit  condor/cutflow-090926_v15/2024_QCD_HT-100to200_18.jdl
To submit  condor/cutflow-090926_v15/2024_QCD_HT-100to200_19.jdl
To submit  condor/cutflow-090926_v15/2024_QCD_HT-100to200_20.jdl
To submit  condor/cutflow-090926_v15/2024_QCD_HT-100to200_21.jdl
To submit  condor/cutflow-090926_v15/2024_QCD_HT-100to200_22.jdl
To submit  condor/cutflow-090926_v15/2024_QCD_HT-100to200_23.jdl
To submit  condor/cutflow-090926_v15/2024_QCD_HT-100to200_24.jdl
To submit  condor/cutflow-090926_v15/2024_QCD_HT-100to200_25.jdl
To submit  condor/cutflow-090926_v15/2024_QCD_HT-100to200_26.jdl
To submit  condor/cutflow-090926_v15/2024_QCD_HT-100to200_27.jdl
To submit  condor/cutflow-090926_v15/2024_QCD_HT-100to200_28.jdl
To submit  condor/cutflow-090926_v15/2024_QCD_HT-100to200_29.jdl
To submit  condor/cutflow-090926_v15/2024_QCD_HT-100to200_30.jdl
To submit  condor/cutflow-090926_v15/2024_QCD_HT-100to200_31.jdl
To submit  condor/cutflow-090926_v15/2024_QCD_HT-100to200_32.jdl
To submit  condor/cutflow-090926_v15/2024_QCD_HT-100to200_33.jdl
To submit  condor/cutflow-090926_v15/2024_QCD_HT-200to400_0.jdl
To submit  condor/cutflow-090926_v15/2024_QCD_HT-200to400_1.jdl
To submit  condor/cutflow-090926_v15/2024_QCD_HT-200to400_2.jdl
To submit  condor/cutflow-090926_v15/2024_QCD_HT-200to400_3.jdl
To submit  condor/cutflow-090926_v15/2024_QCD_HT-200to400_4.jdl
To submit  condor/cutflow-090926_v15/2024_QCD_HT-200to400_5.jdl
To submit  condor/cutflow-090926_v15/2024_QCD_HT-200to400_6.jdl
To submit  condor/cutflow-090926_v15/2024_QCD_HT-200to400_7.jdl
To submit  condor/cutflow-090926_v15/2024_QCD_HT-200to400_8.jdl
To submit  condor/cutflow-090926_v15/2024_QCD_HT-200to400_9.jdl
To submit  condor/cutflow-090926_v15/2024_QCD_HT-200to400_10.jdl
To submit  condor/cutflow-090926_v15/2024_QCD_HT-200to400_11.jdl
To submit  condor/cutflow-090926_v15/2024_QCD_HT-200to400_12.jdl
To submit  condor/cutflow-090926_v15/2024_QCD_HT-200to400_13.jdl
To submit  condor/cutflow-090926_v15/2024_QCD_HT-200to400_14.jdl
To submit  condor/cutflow-090926_v15/2024_QCD_HT-200to400_15.jdl
To submit  condor/cutflow-090926_v15/2024_QCD_HT-200to400_16.jdl
To submit  condor/cutflow-090926_v15/2024_QCD_HT-200to400_17.jdl
To submit  condor/cutflow-090926_v15/2024_QCD_HT-200to400_18.jdl
To submit  condor/cutflow-090926_v15/2024_QCD_HT-200to400_19.jdl
To submit  condor/cutflow-090926_v15/2024_QCD_HT-200to400_20.jdl
To submit  condor/cutflow-090926_v15/2024_QCD_HT-200to400_21.jdl
To submit  condor/cutflow-090926_v15/2024_QCD_HT-200to400_22.jdl
To submit  condor/cutflow-090926_v15/2024_QCD_HT-200to400_23.jdl
To submit  condor/cutflow-090926_v15/2024_QCD_HT-200to400_24.jdl
To submit  condor/cutflow-090926_v15/2024_QCD_HT-200to400_25.jdl
To submit  condor/cutflow-090926_v15/2024_QCD_HT-200to400_26.jdl
To submit  condor/cutflow-090926_v15/2024_QCD_HT-200to400_27.jdl
To submit  condor/cutflow-090926_v15/2024_QCD_HT-200to400_28.jdl
To submit  condor/cutflow-090926_v15/2024_QCD_HT-200to400_29.jdl
To submit  condor/cutflow-090926_v15/2024_QCD_HT-200to400_30.jdl
To submit  condor/cutflow-090926_v15/2024_QCD_HT-200to400_31.jdl
To submit  condor/cutflow-090926_v15/2024_QCD_HT-200to400_32.jdl
To submit  condor/cutflow-090926_v15/2024_QCD_HT-400to600_0.jdl
To submit  condor/cutflow-090926_v15/2024_QCD_HT-400to600_1.jdl
To submit  condor/cutflow-090926_v15/2024_QCD_HT-400to600_2.jdl
To submit  condor/cutflow-090926_v15/2024_QCD_HT-400to600_3.jdl
To submit  condor/cutflow-090926_v15/2024_QCD_HT-400to600_4.jdl
To submit  condor/cutflow-090926_v15/2024_QCD_HT-400to600_5.jdl
To submit  condor/cutflow-090926_v15/2024_QCD_HT-400to600_6.jdl
To submit  condor/cutflow-090926_v15/2024_QCD_HT-400to600_7.jdl
To submit  condor/cutflow-090926_v15/2024_QCD_HT-400to600_8.jdl
To submit  condor/cutflow-090926_v15/2024_QCD_HT-400to600_9.jdl
To submit  condor/cutflow-090926_v15/2024_QCD_HT-400to600_10.jdl
To submit  condor/cutflow-090926_v15/2024_QCD_HT-400to600_11.jdl
To submit  condor/cutflow-090926_v15/2024_QCD_HT-400to600_12.jdl
To submit  condor/cutflow-090926_v15/2024_QCD_HT-400to600_13.jdl
To submit  condor/cutflow-090926_v15/2024_QCD_HT-400to600_14.jdl
To submit  condor/cutflow-090926_v15/2024_QCD_HT-400to600_15.jdl
To submit  condor/cutflow-090926_v15/2024_QCD_HT-400to600_16.jdl
To submit  condor/cutflow-090926_v15/2024_QCD_HT-400to600_17.jdl
To submit  condor/cutflow-090926_v15/2024_QCD_HT-400to600_18.jdl
To submit  condor/cutflow-090926_v15/2024_QCD_HT-400to600_19.jdl
To submit  condor/cutflow-090926_v15/2024_QCD_HT-400to600_20.jdl
To submit  condor/cutflow-090926_v15/2024_QCD_HT-400to600_21.jdl
To submit  condor/cutflow-090926_v15/2024_QCD_HT-400to600_22.jdl
To submit  condor/cutflow-090926_v15/2024_QCD_HT-400to600_23.jdl
To submit  condor/cutflow-090926_v15/2024_QCD_HT-400to600_24.jdl
To submit  condor/cutflow-090926_v15/2024_QCD_HT-400to600_25.jdl
To submit  condor/cutflow-090926_v15/2024_QCD_HT-400to600_26.jdl
To submit  condor/cutflow-090926_v15/2024_QCD_HT-400to600_27.jdl
To submit  condor/cutflow-090926_v15/2024_QCD_HT-400to600_28.jdl
To submit  condor/cutflow-090926_v15/2024_QCD_HT-400to600_29.jdl
To submit  condor/cutflow-090926_v15/2024_QCD_HT-400to600_30.jdl
To submit  condor/cutflow-090926_v15/2024_QCD_HT-400to600_31.jdl
To submit  condor/cutflow-090926_v15/2024_QCD_HT-400to600_32.jdl
To submit  condor/cutflow-090926_v15/2024_QCD_HT-400to600_33.jdl
To submit  condor/cutflow-090926_v15/2024_QCD_HT-400to600_34.jdl
To submit  condor/cutflow-090926_v15/2024_QCD_HT-600to800_0.jdl
To submit  condor/cutflow-090926_v15/2024_QCD_HT-600to800_1.jdl
To submit  condor/cutflow-090926_v15/2024_QCD_HT-600to800_2.jdl
To submit  condor/cutflow-090926_v15/2024_QCD_HT-600to800_3.jdl
To submit  condor/cutflow-090926_v15/2024_QCD_HT-600to800_4.jdl
To submit  condor/cutflow-090926_v15/2024_QCD_HT-600to800_5.jdl
To submit  condor/cutflow-090926_v15/2024_QCD_HT-600to800_6.jdl
To submit  condor/cutflow-090926_v15/2024_QCD_HT-600to800_7.jdl
To submit  condor/cutflow-090926_v15/2024_QCD_HT-600to800_8.jdl
To submit  condor/cutflow-090926_v15/2024_QCD_HT-600to800_9.jdl
To submit  condor/cutflow-090926_v15/2024_QCD_HT-600to800_10.jdl
To submit  condor/cutflow-090926_v15/2024_QCD_HT-600to800_11.jdl
To submit  condor/cutflow-090926_v15/2024_QCD_HT-600to800_12.jdl
To submit  condor/cutflow-090926_v15/2024_QCD_HT-600to800_13.jdl
To submit  condor/cutflow-090926_v15/2024_QCD_HT-600to800_14.jdl
To submit  condor/cutflow-090926_v15/2024_QCD_HT-600to800_15.jdl
To submit  condor/cutflow-090926_v15/2024_QCD_HT-600to800_16.jdl
To submit  condor/cutflow-090926_v15/2024_QCD_HT-600to800_17.jdl
To submit  condor/cutflow-090926_v15/2024_QCD_HT-600to800_18.jdl
To submit  condor/cutflow-090926_v15/2024_QCD_HT-600to800_19.jdl
To submit  condor/cutflow-090926_v15/2024_QCD_HT-600to800_20.jdl
To submit  condor/cutflow-090926_v15/2024_QCD_HT-600to800_21.jdl
To submit  condor/cutflow-090926_v15/2024_QCD_HT-600to800_22.jdl
To submit  condor/cutflow-090926_v15/2024_QCD_HT-600to800_23.jdl
To submit  condor/cutflow-090926_v15/2024_QCD_HT-600to800_24.jdl
To submit  condor/cutflow-090926_v15/2024_QCD_HT-600to800_25.jdl
To submit  condor/cutflow-090926_v15/2024_QCD_HT-600to800_26.jdl
To submit  condor/cutflow-090926_v15/2024_QCD_HT-600to800_27.jdl
To submit  condor/cutflow-090926_v15/2024_QCD_HT-600to800_28.jdl
To submit  condor/cutflow-090926_v15/2024_QCD_HT-600to800_29.jdl
To submit  condor/cutflow-090926_v15/2024_QCD_HT-600to800_30.jdl
To submit  condor/cutflow-090926_v15/2024_QCD_HT-600to800_31.jdl
To submit  condor/cutflow-090926_v15/2024_QCD_HT-600to800_32.jdl
To submit  condor/cutflow-090926_v15/2024_QCD_HT-600to800_33.jdl
To submit  condor/cutflow-090926_v15/2024_QCD_HT-600to800_34.jdl
To submit  condor/cutflow-090926_v15/2024_QCD_HT-600to800_35.jdl
To submit  condor/cutflow-090926_v15/2024_QCD_HT-600to800_36.jdl
To submit  condor/cutflow-090926_v15/2024_QCD_HT-600to800_37.jdl
To submit  condor/cutflow-090926_v15/2024_QCD_HT-600to800_38.jdl
To submit  condor/cutflow-090926_v15/2024_QCD_HT-600to800_39.jdl
To submit  condor/cutflow-090926_v15/2024_QCD_HT-600to800_40.jdl
To submit  condor/cutflow-090926_v15/2024_QCD_HT-600to800_41.jdl
To submit  condor/cutflow-090926_v15/2024_QCD_HT-600to800_42.jdl
To submit  condor/cutflow-090926_v15/2024_QCD_HT-600to800_43.jdl
To submit  condor/cutflow-090926_v15/2024_QCD_HT-600to800_44.jdl
To submit  condor/cutflow-090926_v15/2024_QCD_HT-600to800_45.jdl
To submit  condor/cutflow-090926_v15/2024_QCD_HT-800to1000_0.jdl
To submit  condor/cutflow-090926_v15/2024_QCD_HT-800to1000_1.jdl
To submit  condor/cutflow-090926_v15/2024_QCD_HT-800to1000_2.jdl
To submit  condor/cutflow-090926_v15/2024_QCD_HT-800to1000_3.jdl
To submit  condor/cutflow-090926_v15/2024_QCD_HT-800to1000_4.jdl
To submit  condor/cutflow-090926_v15/2024_QCD_HT-800to1000_5.jdl
To submit  condor/cutflow-090926_v15/2024_QCD_HT-800to1000_6.jdl
To submit  condor/cutflow-090926_v15/2024_QCD_HT-800to1000_7.jdl
To submit  condor/cutflow-090926_v15/2024_QCD_HT-800to1000_8.jdl
To submit  condor/cutflow-090926_v15/2024_QCD_HT-800to1000_9.jdl
To submit  condor/cutflow-090926_v15/2024_QCD_HT-800to1000_10.jdl
To submit  condor/cutflow-090926_v15/2024_QCD_HT-800to1000_11.jdl
To submit  condor/cutflow-090926_v15/2024_QCD_HT-800to1000_12.jdl
To submit  condor/cutflow-090926_v15/2024_QCD_HT-800to1000_13.jdl
To submit  condor/cutflow-090926_v15/2024_QCD_HT-800to1000_14.jdl
To submit  condor/cutflow-090926_v15/2024_QCD_HT-800to1000_15.jdl
To submit  condor/cutflow-090926_v15/2024_QCD_HT-800to1000_16.jdl
To submit  condor/cutflow-090926_v15/2024_QCD_HT-800to1000_17.jdl
To submit  condor/cutflow-090926_v15/2024_QCD_HT-800to1000_18.jdl
To submit  condor/cutflow-090926_v15/2024_QCD_HT-800to1000_19.jdl
To submit  condor/cutflow-090926_v15/2024_QCD_HT-800to1000_20.jdl
To submit  condor/cutflow-090926_v15/2024_QCD_HT-800to1000_21.jdl
To submit  condor/cutflow-090926_v15/2024_QCD_HT-800to1000_22.jdl
To submit  condor/cutflow-090926_v15/2024_QCD_HT-800to1000_23.jdl
To submit  condor/cutflow-090926_v15/2024_QCD_HT-800to1000_24.jdl
To submit  condor/cutflow-090926_v15/2024_QCD_HT-800to1000_25.jdl
To submit  condor/cutflow-090926_v15/2024_QCD_HT-800to1000_26.jdl
To submit  condor/cutflow-090926_v15/2024_QCD_HT-800to1000_27.jdl
To submit  condor/cutflow-090926_v15/2024_QCD_HT-800to1000_28.jdl
To submit  condor/cutflow-090926_v15/2024_QCD_HT-800to1000_29.jdl
To submit  condor/cutflow-090926_v15/2024_QCD_HT-800to1000_30.jdl
To submit  condor/cutflow-090926_v15/2024_QCD_HT-800to1000_31.jdl
To submit  condor/cutflow-090926_v15/2024_QCD_HT-800to1000_32.jdl
To submit  condor/cutflow-090926_v15/2024_QCD_HT-800to1000_33.jdl
To submit  condor/cutflow-090926_v15/2024_QCD_HT-800to1000_34.jdl
To submit  condor/cutflow-090926_v15/2024_QCD_HT-800to1000_35.jdl
To submit  condor/cutflow-090926_v15/2024_QCD_HT-800to1000_36.jdl
To submit  condor/cutflow-090926_v15/2024_QCD_HT-800to1000_37.jdl
To submit  condor/cutflow-090926_v15/2024_QCD_HT-800to1000_38.jdl
To submit  condor/cutflow-090926_v15/2024_QCD_HT-800to1000_39.jdl
To submit  condor/cutflow-090926_v15/2024_QCD_HT-800to1000_40.jdl
To submit  condor/cutflow-090926_v15/2024_QCD_HT-800to1000_41.jdl
To submit  condor/cutflow-090926_v15/2024_QCD_HT-800to1000_42.jdl
To submit  condor/cutflow-090926_v15/2024_QCD_HT-800to1000_43.jdl
To submit  condor/cutflow-090926_v15/2024_QCD_HT-800to1000_44.jdl
To submit  condor/cutflow-090926_v15/2024_QCD_HT-800to1000_45.jdl
To submit  condor/cutflow-090926_v15/2024_QCD_HT-800to1000_46.jdl
To submit  condor/cutflow-090926_v15/2024_QCD_HT-800to1000_47.jdl
To submit  condor/cutflow-090926_v15/2024_QCD_HT-800to1000_48.jdl
To submit  condor/cutflow-090926_v15/2024_QCD_HT-800to1000_49.jdl
To submit  condor/cutflow-090926_v15/2024_QCD_HT-800to1000_50.jdl
To submit  condor/cutflow-090926_v15/2024_QCD_HT-800to1000_51.jdl
To submit  condor/cutflow-090926_v15/2024_QCD_HT-800to1000_52.jdl
To submit  condor/cutflow-090926_v15/2024_QCD_HT-1000to1200_0.jdl
To submit  condor/cutflow-090926_v15/2024_QCD_HT-1000to1200_1.jdl
To submit  condor/cutflow-090926_v15/2024_QCD_HT-1000to1200_2.jdl
To submit  condor/cutflow-090926_v15/2024_QCD_HT-1000to1200_3.jdl
To submit  condor/cutflow-090926_v15/2024_QCD_HT-1000to1200_4.jdl
To submit  condor/cutflow-090926_v15/2024_QCD_HT-1000to1200_5.jdl
To submit  condor/cutflow-090926_v15/2024_QCD_HT-1000to1200_6.jdl
To submit  condor/cutflow-090926_v15/2024_QCD_HT-1000to1200_7.jdl
To submit  condor/cutflow-090926_v15/2024_QCD_HT-1000to1200_8.jdl
To submit  condor/cutflow-090926_v15/2024_QCD_HT-1000to1200_9.jdl
To submit  condor/cutflow-090926_v15/2024_QCD_HT-1000to1200_10.jdl
To submit  condor/cutflow-090926_v15/2024_QCD_HT-1000to1200_11.jdl
To submit  condor/cutflow-090926_v15/2024_QCD_HT-1000to1200_12.jdl
To submit  condor/cutflow-090926_v15/2024_QCD_HT-1000to1200_13.jdl
To submit  condor/cutflow-090926_v15/2024_QCD_HT-1000to1200_14.jdl
To submit  condor/cutflow-090926_v15/2024_QCD_HT-1000to1200_15.jdl
To submit  condor/cutflow-090926_v15/2024_QCD_HT-1000to1200_16.jdl
To submit  condor/cutflow-090926_v15/2024_QCD_HT-1000to1200_17.jdl
To submit  condor/cutflow-090926_v15/2024_QCD_HT-1000to1200_18.jdl
To submit  condor/cutflow-090926_v15/2024_QCD_HT-1000to1200_19.jdl
To submit  condor/cutflow-090926_v15/2024_QCD_HT-1000to1200_20.jdl
To submit  condor/cutflow-090926_v15/2024_QCD_HT-1000to1200_21.jdl
To submit  condor/cutflow-090926_v15/2024_QCD_HT-1000to1200_22.jdl
To submit  condor/cutflow-090926_v15/2024_QCD_HT-1000to1200_23.jdl
To submit  condor/cutflow-090926_v15/2024_QCD_HT-1000to1200_24.jdl
To submit  condor/cutflow-090926_v15/2024_QCD_HT-1000to1200_25.jdl
To submit  condor/cutflow-090926_v15/2024_QCD_HT-1000to1200_26.jdl
To submit  condor/cutflow-090926_v15/2024_QCD_HT-1000to1200_27.jdl
To submit  condor/cutflow-090926_v15/2024_QCD_HT-1000to1200_28.jdl
To submit  condor/cutflow-090926_v15/2024_QCD_HT-1000to1200_29.jdl
To submit  condor/cutflow-090926_v15/2024_QCD_HT-1000to1200_30.jdl
To submit  condor/cutflow-090926_v15/2024_QCD_HT-1000to1200_31.jdl
To submit  condor/cutflow-090926_v15/2024_QCD_HT-1000to1200_32.jdl
To submit  condor/cutflow-090926_v15/2024_QCD_HT-1000to1200_33.jdl
To submit  condor/cutflow-090926_v15/2024_QCD_HT-1000to1200_34.jdl
To submit  condor/cutflow-090926_v15/2024_QCD_HT-1000to1200_35.jdl
To submit  condor/cutflow-090926_v15/2024_QCD_HT-1000to1200_36.jdl
To submit  condor/cutflow-090926_v15/2024_QCD_HT-1000to1200_37.jdl
To submit  condor/cutflow-090926_v15/2024_QCD_HT-1000to1200_38.jdl
To submit  condor/cutflow-090926_v15/2024_QCD_HT-1000to1200_39.jdl
To submit  condor/cutflow-090926_v15/2024_QCD_HT-1000to1200_40.jdl
To submit  condor/cutflow-090926_v15/2024_QCD_HT-1000to1200_41.jdl
To submit  condor/cutflow-090926_v15/2024_QCD_HT-1000to1200_42.jdl
To submit  condor/cutflow-090926_v15/2024_QCD_HT-1000to1200_43.jdl
To submit  condor/cutflow-090926_v15/2024_QCD_HT-1000to1200_44.jdl
To submit  condor/cutflow-090926_v15/2024_QCD_HT-1200to1500_0.jdl
To submit  condor/cutflow-090926_v15/2024_QCD_HT-1200to1500_1.jdl
To submit  condor/cutflow-090926_v15/2024_QCD_HT-1200to1500_2.jdl
To submit  condor/cutflow-090926_v15/2024_QCD_HT-1200to1500_3.jdl
To submit  condor/cutflow-090926_v15/2024_QCD_HT-1200to1500_4.jdl
To submit  condor/cutflow-090926_v15/2024_QCD_HT-1200to1500_5.jdl
To submit  condor/cutflow-090926_v15/2024_QCD_HT-1200to1500_6.jdl
To submit  condor/cutflow-090926_v15/2024_QCD_HT-1200to1500_7.jdl
To submit  condor/cutflow-090926_v15/2024_QCD_HT-1200to1500_8.jdl
To submit  condor/cutflow-090926_v15/2024_QCD_HT-1200to1500_9.jdl
To submit  condor/cutflow-090926_v15/2024_QCD_HT-1200to1500_10.jdl
To submit  condor/cutflow-090926_v15/2024_QCD_HT-1200to1500_11.jdl
To submit  condor/cutflow-090926_v15/2024_QCD_HT-1200to1500_12.jdl
To submit  condor/cutflow-090926_v15/2024_QCD_HT-1200to1500_13.jdl
To submit  condor/cutflow-090926_v15/2024_QCD_HT-1200to1500_14.jdl
To submit  condor/cutflow-090926_v15/2024_QCD_HT-1200to1500_15.jdl
To submit  condor/cutflow-090926_v15/2024_QCD_HT-1200to1500_16.jdl
To submit  condor/cutflow-090926_v15/2024_QCD_HT-1200to1500_17.jdl
To submit  condor/cutflow-090926_v15/2024_QCD_HT-1200to1500_18.jdl
To submit  condor/cutflow-090926_v15/2024_QCD_HT-1200to1500_19.jdl
To submit  condor/cutflow-090926_v15/2024_QCD_HT-1200to1500_20.jdl
To submit  condor/cutflow-090926_v15/2024_QCD_HT-1200to1500_21.jdl
To submit  condor/cutflow-090926_v15/2024_QCD_HT-1200to1500_22.jdl
To submit  condor/cutflow-090926_v15/2024_QCD_HT-1200to1500_23.jdl
To submit  condor/cutflow-090926_v15/2024_QCD_HT-1200to1500_24.jdl
To submit  condor/cutflow-090926_v15/2024_QCD_HT-1200to1500_25.jdl
To submit  condor/cutflow-090926_v15/2024_QCD_HT-1200to1500_26.jdl
To submit  condor/cutflow-090926_v15/2024_QCD_HT-1200to1500_27.jdl
To submit  condor/cutflow-090926_v15/2024_QCD_HT-1200to1500_28.jdl
To submit  condor/cutflow-090926_v15/2024_QCD_HT-1200to1500_29.jdl
To submit  condor/cutflow-090926_v15/2024_QCD_HT-1200to1500_30.jdl
To submit  condor/cutflow-090926_v15/2024_QCD_HT-1200to1500_31.jdl
To submit  condor/cutflow-090926_v15/2024_QCD_HT-1200to1500_32.jdl
To submit  condor/cutflow-090926_v15/2024_QCD_HT-1200to1500_33.jdl
To submit  condor/cutflow-090926_v15/2024_QCD_HT-1200to1500_34.jdl
To submit  condor/cutflow-090926_v15/2024_QCD_HT-1200to1500_35.jdl
To submit  condor/cutflow-090926_v15/2024_QCD_HT-1200to1500_36.jdl
To submit  condor/cutflow-090926_v15/2024_QCD_HT-1200to1500_37.jdl
To submit  condor/cutflow-090926_v15/2024_QCD_HT-1200to1500_38.jdl
To submit  condor/cutflow-090926_v15/2024_QCD_HT-1200to1500_39.jdl
To submit  condor/cutflow-090926_v15/2024_QCD_HT-1200to1500_40.jdl
To submit  condor/cutflow-090926_v15/2024_QCD_HT-1200to1500_41.jdl
To submit  condor/cutflow-090926_v15/2024_QCD_HT-1200to1500_42.jdl
To submit  condor/cutflow-090926_v15/2024_QCD_HT-1200to1500_43.jdl
To submit  condor/cutflow-090926_v15/2024_QCD_HT-1200to1500_44.jdl
To submit  condor/cutflow-090926_v15/2024_QCD_HT-1200to1500_45.jdl
To submit  condor/cutflow-090926_v15/2024_QCD_HT-1500to2000_0.jdl
To submit  condor/cutflow-090926_v15/2024_QCD_HT-1500to2000_1.jdl
To submit  condor/cutflow-090926_v15/2024_QCD_HT-1500to2000_2.jdl
To submit  condor/cutflow-090926_v15/2024_QCD_HT-1500to2000_3.jdl
To submit  condor/cutflow-090926_v15/2024_QCD_HT-1500to2000_4.jdl
To submit  condor/cutflow-090926_v15/2024_QCD_HT-1500to2000_5.jdl
To submit  condor/cutflow-090926_v15/2024_QCD_HT-1500to2000_6.jdl
To submit  condor/cutflow-090926_v15/2024_QCD_HT-1500to2000_7.jdl
To submit  condor/cutflow-090926_v15/2024_QCD_HT-1500to2000_8.jdl
To submit  condor/cutflow-090926_v15/2024_QCD_HT-1500to2000_9.jdl
To submit  condor/cutflow-090926_v15/2024_QCD_HT-1500to2000_10.jdl
To submit  condor/cutflow-090926_v15/2024_QCD_HT-1500to2000_11.jdl
To submit  condor/cutflow-090926_v15/2024_QCD_HT-1500to2000_12.jdl
To submit  condor/cutflow-090926_v15/2024_QCD_HT-1500to2000_13.jdl
To submit  condor/cutflow-090926_v15/2024_QCD_HT-1500to2000_14.jdl
To submit  condor/cutflow-090926_v15/2024_QCD_HT-1500to2000_15.jdl
To submit  condor/cutflow-090926_v15/2024_QCD_HT-1500to2000_16.jdl
To submit  condor/cutflow-090926_v15/2024_QCD_HT-1500to2000_17.jdl
To submit  condor/cutflow-090926_v15/2024_QCD_HT-1500to2000_18.jdl
To submit  condor/cutflow-090926_v15/2024_QCD_HT-1500to2000_19.jdl
To submit  condor/cutflow-090926_v15/2024_QCD_HT-1500to2000_20.jdl
To submit  condor/cutflow-090926_v15/2024_QCD_HT-1500to2000_21.jdl
To submit  condor/cutflow-090926_v15/2024_QCD_HT-1500to2000_22.jdl
To submit  condor/cutflow-090926_v15/2024_QCD_HT-1500to2000_23.jdl
To submit  condor/cutflow-090926_v15/2024_QCD_HT-1500to2000_24.jdl
To submit  condor/cutflow-090926_v15/2024_QCD_HT-1500to2000_25.jdl
To submit  condor/cutflow-090926_v15/2024_QCD_HT-1500to2000_26.jdl
To submit  condor/cutflow-090926_v15/2024_QCD_HT-1500to2000_27.jdl
To submit  condor/cutflow-090926_v15/2024_QCD_HT-1500to2000_28.jdl
To submit  condor/cutflow-090926_v15/2024_QCD_HT-1500to2000_29.jdl
To submit  condor/cutflow-090926_v15/2024_QCD_HT-1500to2000_30.jdl
To submit  condor/cutflow-090926_v15/2024_QCD_HT-1500to2000_31.jdl
To submit  condor/cutflow-090926_v15/2024_QCD_HT-1500to2000_32.jdl
To submit  condor/cutflow-090926_v15/2024_QCD_HT-1500to2000_33.jdl
To submit  condor/cutflow-090926_v15/2024_QCD_HT-1500to2000_34.jdl
To submit  condor/cutflow-090926_v15/2024_QCD_HT-1500to2000_35.jdl
To submit  condor/cutflow-090926_v15/2024_QCD_HT-1500to2000_36.jdl
To submit  condor/cutflow-090926_v15/2024_QCD_HT-1500to2000_37.jdl
To submit  condor/cutflow-090926_v15/2024_QCD_HT-1500to2000_38.jdl
To submit  condor/cutflow-090926_v15/2024_QCD_HT-1500to2000_39.jdl
To submit  condor/cutflow-090926_v15/2024_QCD_HT-1500to2000_40.jdl
To submit  condor/cutflow-090926_v15/2024_QCD_HT-1500to2000_41.jdl
To submit  condor/cutflow-090926_v15/2024_QCD_HT-1500to2000_42.jdl
To submit  condor/cutflow-090926_v15/2024_QCD_HT-1500to2000_43.jdl
To submit  condor/cutflow-090926_v15/2024_QCD_HT-1500to2000_44.jdl
To submit  condor/cutflow-090926_v15/2024_QCD_HT-1500to2000_45.jdl
To submit  condor/cutflow-090926_v15/2024_QCD_HT-1500to2000_46.jdl
To submit  condor/cutflow-090926_v15/2024_QCD_HT-1500to2000_47.jdl
To submit  condor/cutflow-090926_v15/2024_QCD_HT-1500to2000_48.jdl
To submit  condor/cutflow-090926_v15/2024_QCD_HT-1500to2000_49.jdl
To submit  condor/cutflow-090926_v15/2024_QCD_HT-2000_0.jdl
To submit  condor/cutflow-090926_v15/2024_QCD_HT-2000_1.jdl
To submit  condor/cutflow-090926_v15/2024_QCD_HT-2000_2.jdl
To submit  condor/cutflow-090926_v15/2024_QCD_HT-2000_3.jdl
To submit  condor/cutflow-090926_v15/2024_QCD_HT-2000_4.jdl
To submit  condor/cutflow-090926_v15/2024_QCD_HT-2000_5.jdl
To submit  condor/cutflow-090926_v15/2024_QCD_HT-2000_6.jdl
To submit  condor/cutflow-090926_v15/2024_QCD_HT-2000_7.jdl
To submit  condor/cutflow-090926_v15/2024_QCD_HT-2000_8.jdl
To submit  condor/cutflow-090926_v15/2024_QCD_HT-2000_9.jdl
To submit  condor/cutflow-090926_v15/2024_QCD_HT-2000_10.jdl
To submit  condor/cutflow-090926_v15/2024_QCD_HT-2000_11.jdl
To submit  condor/cutflow-090926_v15/2024_QCD_HT-2000_12.jdl
To submit  condor/cutflow-090926_v15/2024_QCD_HT-2000_13.jdl
To submit  condor/cutflow-090926_v15/2024_QCD_HT-2000_14.jdl
To submit  condor/cutflow-090926_v15/2024_QCD_HT-2000_15.jdl
To submit  condor/cutflow-090926_v15/2024_QCD_HT-2000_16.jdl
To submit  condor/cutflow-090926_v15/2024_QCD_HT-2000_17.jdl
To submit  condor/cutflow-090926_v15/2024_QCD_HT-2000_18.jdl
To submit  condor/cutflow-090926_v15/2024_QCD_HT-2000_19.jdl
To submit  condor/cutflow-090926_v15/2024_QCD_HT-2000_20.jdl
To submit  condor/cutflow-090926_v15/2024_QCD_HT-2000_21.jdl
To submit  condor/cutflow-090926_v15/2024_QCD_HT-2000_22.jdl
To submit  condor/cutflow-090926_v15/2024_QCD_HT-2000_23.jdl
To submit  condor/cutflow-090926_v15/2024_QCD_HT-2000_24.jdl
To submit  condor/cutflow-090926_v15/2024_QCD_HT-2000_25.jdl
To submit  condor/cutflow-090926_v15/2024_QCD_HT-2000_26.jdl
To submit  condor/cutflow-090926_v15/2024_QCD_HT-2000_27.jdl
To submit  condor/cutflow-090926_v15/2024_QCD_HT-2000_28.jdl
To submit  condor/cutflow-090926_v15/2024_QCD_HT-2000_29.jdl
To submit  condor/cutflow-090926_v15/2024_QCD_HT-2000_30.jdl
To submit  condor/cutflow-090926_v15/2024_QCD_HT-2000_31.jdl
To submit  condor/cutflow-090926_v15/2024_QCD_HT-2000_32.jdl
To submit  condor/cutflow-090926_v15/2024_QCD_HT-2000_33.jdl
To submit  condor/cutflow-090926_v15/2024_QCD_HT-2000_34.jdl
To submit  condor/cutflow-090926_v15/2024_QCD_HT-2000_35.jdl
To submit  condor/cutflow-090926_v15/2024_QCD_HT-2000_36.jdl
To submit  condor/cutflow-090926_v15/2024_QCD_HT-2000_37.jdl
To submit  condor/cutflow-090926_v15/2024_QCD_HT-2000_38.jdl
To submit  condor/cutflow-090926_v15/2024_QCD_HT-2000_39.jdl
To submit  condor/cutflow-090926_v15/2024_QCD_HT-2000_40.jdl
To submit  condor/cutflow-090926_v15/2024_QCD_HT-2000_41.jdl
To submit  condor/cutflow-090926_v15/2024_QCD_HT-2000_42.jdl
To submit  condor/cutflow-090926_v15/2024_QCD_HT-2000_43.jdl
To submit  condor/cutflow-090926_v15/2024_QCD_HT-2000_44.jdl
Total 387 jobs
Evaluate BDT: False
Namespace(year='2024', samples=['Diboson'], subsamples=[], tag='cutflow-090926', nano_version='v15', script='src/run.py', outdir='outfiles', site='lpc', save_sites=['lpc'], files_per_job=20, submit=False, git_branch='vbs', allow_diff_local_repo=True, run_mode='save-skim-nosysts', BDT=False, yaml='src/submit_configs/vbs_background.yaml')
Using branch vbs
There are local changes that have not been committed!
Proceeding anyway...
Condor work dir:  condor/cutflow-090926_v15
[]
fileset: {'Diboson': {'WW': 518, 'WZ': 307, 'ZZ': 76}}
To submit  condor/cutflow-090926_v15/2024_WW_0.jdl
To submit  condor/cutflow-090926_v15/2024_WW_1.jdl
To submit  condor/cutflow-090926_v15/2024_WW_2.jdl
To submit  condor/cutflow-090926_v15/2024_WW_3.jdl
To submit  condor/cutflow-090926_v15/2024_WW_4.jdl
To submit  condor/cutflow-090926_v15/2024_WW_5.jdl
To submit  condor/cutflow-090926_v15/2024_WW_6.jdl
To submit  condor/cutflow-090926_v15/2024_WW_7.jdl
To submit  condor/cutflow-090926_v15/2024_WW_8.jdl
To submit  condor/cutflow-090926_v15/2024_WW_9.jdl
To submit  condor/cutflow-090926_v15/2024_WW_10.jdl
To submit  condor/cutflow-090926_v15/2024_WW_11.jdl
To submit  condor/cutflow-090926_v15/2024_WW_12.jdl
To submit  condor/cutflow-090926_v15/2024_WW_13.jdl
To submit  condor/cutflow-090926_v15/2024_WW_14.jdl
To submit  condor/cutflow-090926_v15/2024_WW_15.jdl
To submit  condor/cutflow-090926_v15/2024_WW_16.jdl
To submit  condor/cutflow-090926_v15/2024_WW_17.jdl
To submit  condor/cutflow-090926_v15/2024_WW_18.jdl
To submit  condor/cutflow-090926_v15/2024_WW_19.jdl
To submit  condor/cutflow-090926_v15/2024_WW_20.jdl
To submit  condor/cutflow-090926_v15/2024_WW_21.jdl
To submit  condor/cutflow-090926_v15/2024_WW_22.jdl
To submit  condor/cutflow-090926_v15/2024_WW_23.jdl
To submit  condor/cutflow-090926_v15/2024_WW_24.jdl
To submit  condor/cutflow-090926_v15/2024_WW_25.jdl
To submit  condor/cutflow-090926_v15/2024_WZ_0.jdl
To submit  condor/cutflow-090926_v15/2024_WZ_1.jdl
To submit  condor/cutflow-090926_v15/2024_WZ_2.jdl
To submit  condor/cutflow-090926_v15/2024_WZ_3.jdl
To submit  condor/cutflow-090926_v15/2024_WZ_4.jdl
To submit  condor/cutflow-090926_v15/2024_WZ_5.jdl
To submit  condor/cutflow-090926_v15/2024_WZ_6.jdl
To submit  condor/cutflow-090926_v15/2024_WZ_7.jdl
To submit  condor/cutflow-090926_v15/2024_WZ_8.jdl
To submit  condor/cutflow-090926_v15/2024_WZ_9.jdl
To submit  condor/cutflow-090926_v15/2024_WZ_10.jdl
To submit  condor/cutflow-090926_v15/2024_WZ_11.jdl
To submit  condor/cutflow-090926_v15/2024_WZ_12.jdl
To submit  condor/cutflow-090926_v15/2024_WZ_13.jdl
To submit  condor/cutflow-090926_v15/2024_WZ_14.jdl
To submit  condor/cutflow-090926_v15/2024_WZ_15.jdl
To submit  condor/cutflow-090926_v15/2024_ZZ_0.jdl
To submit  condor/cutflow-090926_v15/2024_ZZ_1.jdl
To submit  condor/cutflow-090926_v15/2024_ZZ_2.jdl
To submit  condor/cutflow-090926_v15/2024_ZZ_3.jdl
Total 46 jobs
Evaluate BDT: False
Namespace(year='2024', samples=['Diboson_extra'], subsamples=[], tag='cutflow-090926', nano_version='v15', script='src/run.py', outdir='outfiles', site='lpc', save_sites=['lpc'], files_per_job=20, submit=False, git_branch='vbs', allow_diff_local_repo=True, run_mode='save-skim-nosysts', BDT=False, yaml='src/submit_configs/vbs_background.yaml')
Using branch vbs
There are local changes that have not been committed!
Proceeding anyway...
Condor work dir:  condor/cutflow-090926_v15
[]
fileset: {'Diboson_extra': {'WWto4Q': 185, 'WWto2L2Nu': 0, 'WWtoLNu2Q': 0, 'WZtoLNu2Q': 156, 'WZto2L2Q': 1, 'WZto3LNu': 0, 'WZto2Nu2Q': 103, 'WZtoL3Nu': 76, 'ZZto2L2Q': 215, 'ZZto2Nu2Q': 65, 'ZZto4L': 273, 'ZZto2L2Nu': 228, 'WWto4Q_1Jets-4FS': 103, 'WZto4Q-1Jets-4FS': 52, 'ZZto4Q_1Jets-4FS': 58}}
To submit  condor/cutflow-090926_v15/2024_WWto4Q_0.jdl
To submit  condor/cutflow-090926_v15/2024_WWto4Q_1.jdl
To submit  condor/cutflow-090926_v15/2024_WWto4Q_2.jdl
To submit  condor/cutflow-090926_v15/2024_WWto4Q_3.jdl
To submit  condor/cutflow-090926_v15/2024_WWto4Q_4.jdl
To submit  condor/cutflow-090926_v15/2024_WWto4Q_5.jdl
To submit  condor/cutflow-090926_v15/2024_WWto4Q_6.jdl
To submit  condor/cutflow-090926_v15/2024_WWto4Q_7.jdl
To submit  condor/cutflow-090926_v15/2024_WWto4Q_8.jdl
To submit  condor/cutflow-090926_v15/2024_WWto4Q_9.jdl
To submit  condor/cutflow-090926_v15/2024_WZtoLNu2Q_0.jdl
To submit  condor/cutflow-090926_v15/2024_WZtoLNu2Q_1.jdl
To submit  condor/cutflow-090926_v15/2024_WZtoLNu2Q_2.jdl
To submit  condor/cutflow-090926_v15/2024_WZtoLNu2Q_3.jdl
To submit  condor/cutflow-090926_v15/2024_WZtoLNu2Q_4.jdl
To submit  condor/cutflow-090926_v15/2024_WZtoLNu2Q_5.jdl
To submit  condor/cutflow-090926_v15/2024_WZtoLNu2Q_6.jdl
To submit  condor/cutflow-090926_v15/2024_WZtoLNu2Q_7.jdl
To submit  condor/cutflow-090926_v15/2024_WZto2L2Q_0.jdl
To submit  condor/cutflow-090926_v15/2024_WZto2Nu2Q_0.jdl
To submit  condor/cutflow-090926_v15/2024_WZto2Nu2Q_1.jdl
To submit  condor/cutflow-090926_v15/2024_WZto2Nu2Q_2.jdl
To submit  condor/cutflow-090926_v15/2024_WZto2Nu2Q_3.jdl
To submit  condor/cutflow-090926_v15/2024_WZto2Nu2Q_4.jdl
To submit  condor/cutflow-090926_v15/2024_WZto2Nu2Q_5.jdl
To submit  condor/cutflow-090926_v15/2024_WZtoL3Nu_0.jdl
To submit  condor/cutflow-090926_v15/2024_WZtoL3Nu_1.jdl
To submit  condor/cutflow-090926_v15/2024_WZtoL3Nu_2.jdl
To submit  condor/cutflow-090926_v15/2024_WZtoL3Nu_3.jdl
To submit  condor/cutflow-090926_v15/2024_ZZto2L2Q_0.jdl
To submit  condor/cutflow-090926_v15/2024_ZZto2L2Q_1.jdl
To submit  condor/cutflow-090926_v15/2024_ZZto2L2Q_2.jdl
To submit  condor/cutflow-090926_v15/2024_ZZto2L2Q_3.jdl
To submit  condor/cutflow-090926_v15/2024_ZZto2L2Q_4.jdl
To submit  condor/cutflow-090926_v15/2024_ZZto2L2Q_5.jdl
To submit  condor/cutflow-090926_v15/2024_ZZto2L2Q_6.jdl
To submit  condor/cutflow-090926_v15/2024_ZZto2L2Q_7.jdl
To submit  condor/cutflow-090926_v15/2024_ZZto2L2Q_8.jdl
To submit  condor/cutflow-090926_v15/2024_ZZto2L2Q_9.jdl
To submit  condor/cutflow-090926_v15/2024_ZZto2L2Q_10.jdl
To submit  condor/cutflow-090926_v15/2024_ZZto2Nu2Q_0.jdl
To submit  condor/cutflow-090926_v15/2024_ZZto2Nu2Q_1.jdl
To submit  condor/cutflow-090926_v15/2024_ZZto2Nu2Q_2.jdl
To submit  condor/cutflow-090926_v15/2024_ZZto2Nu2Q_3.jdl
To submit  condor/cutflow-090926_v15/2024_ZZto4L_0.jdl
To submit  condor/cutflow-090926_v15/2024_ZZto4L_1.jdl
To submit  condor/cutflow-090926_v15/2024_ZZto4L_2.jdl
To submit  condor/cutflow-090926_v15/2024_ZZto4L_3.jdl
To submit  condor/cutflow-090926_v15/2024_ZZto4L_4.jdl
To submit  condor/cutflow-090926_v15/2024_ZZto4L_5.jdl
To submit  condor/cutflow-090926_v15/2024_ZZto4L_6.jdl
To submit  condor/cutflow-090926_v15/2024_ZZto4L_7.jdl
To submit  condor/cutflow-090926_v15/2024_ZZto4L_8.jdl
To submit  condor/cutflow-090926_v15/2024_ZZto4L_9.jdl
To submit  condor/cutflow-090926_v15/2024_ZZto4L_10.jdl
To submit  condor/cutflow-090926_v15/2024_ZZto4L_11.jdl
To submit  condor/cutflow-090926_v15/2024_ZZto4L_12.jdl
To submit  condor/cutflow-090926_v15/2024_ZZto4L_13.jdl
To submit  condor/cutflow-090926_v15/2024_ZZto2L2Nu_0.jdl
To submit  condor/cutflow-090926_v15/2024_ZZto2L2Nu_1.jdl
To submit  condor/cutflow-090926_v15/2024_ZZto2L2Nu_2.jdl
To submit  condor/cutflow-090926_v15/2024_ZZto2L2Nu_3.jdl
To submit  condor/cutflow-090926_v15/2024_ZZto2L2Nu_4.jdl
To submit  condor/cutflow-090926_v15/2024_ZZto2L2Nu_5.jdl
To submit  condor/cutflow-090926_v15/2024_ZZto2L2Nu_6.jdl
To submit  condor/cutflow-090926_v15/2024_ZZto2L2Nu_7.jdl
To submit  condor/cutflow-090926_v15/2024_ZZto2L2Nu_8.jdl
To submit  condor/cutflow-090926_v15/2024_ZZto2L2Nu_9.jdl
To submit  condor/cutflow-090926_v15/2024_ZZto2L2Nu_10.jdl
To submit  condor/cutflow-090926_v15/2024_ZZto2L2Nu_11.jdl
To submit  condor/cutflow-090926_v15/2024_WWto4Q_1Jets-4FS_0.jdl
To submit  condor/cutflow-090926_v15/2024_WWto4Q_1Jets-4FS_1.jdl
To submit  condor/cutflow-090926_v15/2024_WWto4Q_1Jets-4FS_2.jdl
To submit  condor/cutflow-090926_v15/2024_WWto4Q_1Jets-4FS_3.jdl
To submit  condor/cutflow-090926_v15/2024_WWto4Q_1Jets-4FS_4.jdl
To submit  condor/cutflow-090926_v15/2024_WWto4Q_1Jets-4FS_5.jdl
To submit  condor/cutflow-090926_v15/2024_WZto4Q-1Jets-4FS_0.jdl
To submit  condor/cutflow-090926_v15/2024_WZto4Q-1Jets-4FS_1.jdl
To submit  condor/cutflow-090926_v15/2024_WZto4Q-1Jets-4FS_2.jdl
To submit  condor/cutflow-090926_v15/2024_ZZto4Q_1Jets-4FS_0.jdl
To submit  condor/cutflow-090926_v15/2024_ZZto4Q_1Jets-4FS_1.jdl
To submit  condor/cutflow-090926_v15/2024_ZZto4Q_1Jets-4FS_2.jdl
Total 82 jobs
Evaluate BDT: False
